I'm sorry, but errors were detected in your script. Please correct the
errors listed below, and try again.


File "game/screens.rpy", line 294: keyword argument 'xalign' is incompatible with 'xpos'.
    xalign 0.5
          ^

Ren'Py Version: Ren'Py 8.1.3.23091805
Thu Feb 29 12:19:27 2024
